<html>
<body>
<span wicket:id="testlabel">A test label from a resource bundle</span>
</body>
</html>