<html>
<head><title>CheckGroupTestPage1</title></head>
<body>
    <!--  In addition test that chars are not converted from upper to lower and vice versa -->
	<FORM action="?wicket:interface=:0:form::IFormSubmitListener::" wicket:id="form" method="post" id="form1"><div style="display:none"><input type="hidden" name="form1_hf_0" id="form1_hf_0" /></div>
		
			<Input value="check2" type="checkbox" wicket:id="check1" name="group">check1</input>
			<span wicket:id="container">
				<input value="check3" type="checkbox" wicket:id="check2" name="group">check2</input>
			</span>
		
	</FORM>
</body>
</html>
