<html>
<head><title>CheckGroupTestPage3</title></head>
<body>
	<form action="?wicket:interface=:2:form::IFormSubmitListener::" wicket:id="form" method="post" id="form1"><div style="display:none"><input type="hidden" name="form1_hf_0" id="form1_hf_0" /></div>
		
			<input value="check2" type="checkbox" wicket:id="check1" name="group">check1</input>
			<span wicket:id="container">
				<input value="check3" type="checkbox" wicket:id="check2" checked="checked" name="group">check2</input>
			</span>
		
	</form>
</body>
</html>
