<html>
<body>
	<form action="?wicket:interface=:0:formpost::IFormSubmitListener::" wicket:id="formpost" method="post" id="formpost1"><div style="display:none"><input type="hidden" name="formpost1_hf_0" id="formpost1_hf_0" /></div></form>
	<form action="?wicket:interface=:0:formget::IFormSubmitListener::" wicket:id="formget" method="get" id="formget2"><div style="display:none"><input type="hidden" name="formget2_hf_0" id="formget2_hf_0" /></div></form>
</body>
</html>
