<html>
	<head><script type="text/javascript" src="resources/org.apache.wicket.markup.html.WicketEventReference/wicket-event.js"></script>
<script type="text/javascript" src="resources/org.apache.wicket.ajax.AbstractDefaultAjaxBehavior/wicket-ajax.js"></script>
<script type="text/javascript" id="wicket-ajax-debug-enable"><!--/*--><![CDATA[/*><!--*/
wicketAjaxDebugEnable=true;
/*-->]]>*/</script>

<script type="text/javascript" src="resources/org.apache.wicket.ajax.AbstractDefaultAjaxBehavior/wicket-ajax-debug.js"></script>
</head><body>
		<form id="form0" action="?wicket:interface=:0:form::IFormSubmitListener:" method="post" wicket:id="form"><div style="display:none"><input type="hidden" name="form0_hf_0" id="form0_hf_0" /></div>
			<input id="field1" name="field" value="" onkeyup="var wcall=wicketAjaxPost('?wicket:interface=:0:form:field::IBehaviorListener:0', wicketSerialize(Wicket.$('field1')), function() { }.bind(this), function() { }.bind(this));" type="text" wicket:id="field"/><script type="text/javascript"><!--/*--><![CDATA[/*><!--*/
new Wicket.ChangeHandler('field1');
/*-->]]>*/</script>

	
			<select id="dropDown2" name="dropDown" onkeyup="var wcall=wicketAjaxPost('?wicket:interface=:0:form:dropDown::IBehaviorListener:0', wicketSerialize(Wicket.$('dropDown2')), function() { }.bind(this), function() { }.bind(this));" onchange="var wcall=wicketAjaxPost('?wicket:interface=:0:form:dropDown::IBehaviorListener:0', wicketSerialize(Wicket.$('dropDown2')), function() { }.bind(this), function() { }.bind(this));" wicket:id="dropDown">
<option selected="selected" value="">Choose One</option>
</select>
		</form>			
	</body>
</html>