<html>
<head>
<link href="../test"/>
<script type="text/javascript" src="javascripturl"></script>
<script type="text/javascript" src="resources/org.apache.wicket.markup.html.WicketEventReference/wicket-event.js"></script>
<script type="text/javascript" ><!--/*--><![CDATA[/*><!--*/
Wicket.Event.add(window, "domready", function() { domReady();;});
/*-->]]>*/</script>

<script type="text/javascript" ><!--/*--><![CDATA[/*><!--*/
Wicket.Event.add(window, "load", function() { onLoad();;});
/*-->]]>*/</script>


<link href="../test2"/>
<script type="text/javascript" src="javascripturlB"></script>
<script type="text/javascript" ><!--/*--><![CDATA[/*><!--*/
Wicket.Event.add(window, "domready", function() { domReadyB();;});
/*-->]]>*/</script>

<script type="text/javascript" ><!--/*--><![CDATA[/*><!--*/
Wicket.Event.add(window, "load", function() { onLoadB();;});
/*-->]]>*/</script>

<script type="text/javascript" src="resources/org.apache.wicket.ajax.WicketAjaxReference/wicket-ajax.js"></script>
<script type="text/javascript" src="resources/org.apache.wicket.ajax.AbstractDefaultAjaxBehavior/wicket-ajax-debug.js"></script>
<script type="text/javascript" id="wicket-ajax-debug-enable"><!--/*--><![CDATA[/*><!--*/
wicketAjaxDebugEnable=true;
/*-->]]>*/</script>

</head><body>
<span wicket:id="test1" id="test11"><wicket:panel>
test
</wicket:panel></span>
<span wicket:id="test2" id="test22"><wicket:panel>
test
</wicket:panel></span>
<span wicket:id="test3" id="test33"><wicket:panel>
test
</wicket:panel></span>
<span wicket:id="btest1" id="btest14"><wicket:panel>
test
</wicket:panel></span>
<span wicket:id="btest2" id="btest25"><wicket:panel>
test
</wicket:panel></span>
<span wicket:id="btest3" id="btest36"><wicket:panel>
test
</wicket:panel></span>
<a href="?wicket:interface=:0:link::ILinkListener::" wicket:id="link" onclick="var wcall=wicketAjaxGet('?wicket:interface=:0:link::IBehaviorListener:0:',null,null, function() {return Wicket.$('link7') != null;}.bind(this));return !wcall;" id="link7">Test</a>
</body>
</html>