<?xml version="1.0" encoding="UTF-8"?><ajax-response><header-contribution encoding="wicket1" ><![CDATA[<head xmlns:wicket="http://wicket.apache.org"><script type="text/javascript" src="resources/org.apache.wicket.markup.html.WicketEventReference/wicket-event.js"></script>
<script type="text/javascript" src="resources/org.apache.wicket.ajax.WicketAjaxReference/wicket-ajax.js"></script>
<script type="text/javascript" src="resources/org.apache.wicket.ajax.AbstractDefaultAjaxBehavior/wicket-ajax-debug.js"></script>
<script type="text/javascript" id="wicket-ajax-debug-enable"><!--/*--><![CDATA[/*><!--*/
wicketAjaxDebugEnable=true;
/*-->]^]^>*/</script>

</head>]]></header-contribution><component id="test1" ><![CDATA[<a href="?wicket:interface=:0:test::ILinkListener::" id="test1" onclick="var wcall=wicketAjaxGet('?wicket:interface=:0:test::IBehaviorListener:0:-1',null,null, function() {return Wicket.$('test1') != null;}.bind(this));return !wcall;">Test</a>]]></component><evaluate><![CDATA[test1();]]></evaluate><evaluate><![CDATA[test2();]]></evaluate></ajax-response>