<?xml version="1.0" encoding="UTF-8"?><ajax-response><evaluate><![CDATA[prepend();]]></evaluate><header-contribution><![CDATA[<head xmlns:wicket="http://wicket.apache.org">
<link href="../test"/>
<script type="text/javascript" src="javascripturl"></script>
</head>]]></header-contribution><component id="test11" ><![CDATA[<span id="test11">
test
</span>]]></component><component id="test22" ><![CDATA[<span id="test22">
test
</span>]]></component><component id="test33" ><![CDATA[<span id="test33">
test
</span>]]></component><evaluate><![CDATA[domReady();]]></evaluate><evaluate><![CDATA[append();]]></evaluate><evaluate><![CDATA[onLoad();]]></evaluate></ajax-response>