<html>
<head><script type="text/javascript" src="resources/org.apache.wicket.markup.html.WicketEventReference/wicket-event.js"></script>
<script type="text/javascript" src="resources/org.apache.wicket.ajax.AbstractDefaultAjaxBehavior/wicket-ajax.js"></script>
<script type="text/javascript" id="wicket-ajax-debug-enable"><!--/*--><![CDATA[/*><!--*/
wicketAjaxDebugEnable=true;
/*-->]]>*/</script>

<script type="text/javascript" src="resources/org.apache.wicket.ajax.AbstractDefaultAjaxBehavior/wicket-ajax-debug.js"></script>
<script type="text/javascript" ><!--/*--><![CDATA[/*><!--*/
Wicket.Event.add(window, "domready", function() { test1();;});
/*-->]]>*/</script>

<script type="text/javascript" ><!--/*--><![CDATA[/*><!--*/
Wicket.Event.add(window, "domready", function() { test2();;});
/*-->]]>*/</script>

</head><body>
<a href="?wicket:interface=:0:test::ILinkListener::" wicket:id="test" onclick="var wcall=wicketAjaxGet('?wicket:interface=:0:test::IBehaviorListener:0:', function() { }.bind(this), function() { }.bind(this));return !wcall;" id="test1">Test</a>
</body>
</html>