<html>
<head><title>CheckGroupTestPage2</title></head>
<body>
	<form action="/MockWebApplication/MockWebApplication?wicket:interface=:1:form::IFormSubmitListener" wicket:id="form" method="post" id="form"><input type="hidden" name="form:hf:0" id="form:hf:0"/>
		
			<input value="1:form:group:check1" type="checkbox" wicket:id="check1" checked="checked" name="group">check1</input>
			<span wicket:id="container">
				<input value="1:form:group:container:check2" type="checkbox" wicket:id="check2" name="group">check2</input>
			</span>
		
	</form>
</body>
</html>
