<html>
<head><title>CheckGroupTestPage1</title></head>
<body>
    <!--  In addition test that chars are not converted from upper to lower and vice versa -->
	<FORM action="/MockWebApplication/MockWebApplication?path=0:form&amp;interface=IFormSubmitListener" wicket:id="form" method="post" id="form"><input type="hidden" name="form:hf:0" id="form:hf:0">
		
			<Input value="0:form:group:check1" type="checkbox" wicket:id="check1" name="group">check1</input>
			<span wicket:id="container">
				<input value="0:form:group:container:check2" type="checkbox" wicket:id="check2" name="group">check2</input>
			</span>
		
	</FORM>
</body>
</html>
