<html>
<head><title>CheckGroupTestPage4</title></head>
<body>
	<form action="/WicketTester/WicketTester?wicket:interface=:3:form::IFormSubmitListener" wicket:id="form" method="post" id="form"><div style="display:none"><input type="hidden" name="form:hf:0" id="form:hf:0" /></div>
		
			<input value="check1" type="checkbox" wicket:id="check1" checked="checked" name="group">check1</input>
			<span wicket:id="container">
				<input value="container:check2" type="checkbox" wicket:id="check2" checked="checked" name="group">check2</input>
			</span>
		
	</form>
</body>
</html>
