<html>
<head><title>CheckGroupTestPage3</title><script language="JavaScript">if(history.length == 1){document.location.href = '/MockWebApplication/MockWebApplication?wicket:interface=:2::INewBrowserWindowListener'}</script></head>
<body>
	<form action="/MockWebApplication/MockWebApplication?wicket:interface=:2:form::IFormSubmitListener" wicket:id="form" method="post" id="form"><input type="hidden" name="form:hf:0" id="form:hf:0"/>
		
			<input value="2:form:group:check1" type="checkbox" wicket:id="check1" name="group">check1</input>
			<span wicket:id="container">
				<input value="2:form:group:container:check2" type="checkbox" wicket:id="check2" checked="checked" name="group">check2</input>
			</span>
		
	</form>
</body>
</html>
