<html>
<body>
<form action="/WicketTester/WicketTester?wicket:interface=:0:form::IFormSubmitListener" wicket:id="form" method="post" id="form">
<div style="display:none"><input type="hidden" name="form:hf:fs" id="form:hf:fs"/>
<input type="hidden" name="wicketState" id="form:hf:ws"/></div>
	
		<input value="0:form:radio:check1" type="radio" wicket:id="check1" checked="checked" name="radio">Yes
		<input value="0:form:radio:check2" type="radio" wicket:id="check2" checked="checked" name="radio">No
	
</form>
</body>
</html>