<html>
<head><title>RadioGroupTestPage1</title></head>
<body>
	<form action="/WicketTester/WicketTester?wicket:interface=:0:form::IFormSubmitListener" wicket:id="form" method="post" id="form"><input type="hidden" name="form:hf:0" id="form:hf:0" />
		
			<input value="0:form:group:radio1" type="radio" wicket:id="radio1" name="group">radio1</input>
			<span wicket:id="container">
				<input value="0:form:group:container:radio2" type="radio" wicket:id="radio2" checked="checked" name="group">radio2</input>
			</span>
		
	</form>
</body>
</html>
