<html>
<head><title>CheckGroupTestPage1</title></head>
<body>
    <!--  In addition test that chars are not converted from upper to lower and vice versa -->
	<FORM action="/WicketTester/WicketTester?wicket:interface=:0:form::IFormSubmitListener" wicket:id="form" method="post" id="form"><div style="display:none"><input type="hidden" name="form:hf:0" id="form:hf:0" /></div>
		
			<Input value="check0" type="checkbox" wicket:id="check1" name="group">check1</input>
			<span wicket:id="container">
				<input value="check1" type="checkbox" wicket:id="check2" name="group">check2</input>
			</span>
		
	</FORM>
</body>
</html>
