<html>
<head><title>CheckGroupTestPage4</title></head>
<body>
	<form action="/WicketTester/WicketTester?wicket:interface=:3:form::IFormSubmitListener" id="form" method="post" wicket:id="form">
<div style="display:none"><input type="hidden" name="form:hf:fs" id="form:hf:fs"/>
<input type="hidden" name="wicketState" id="form:hf:ws"/></div>
		
			<input checked="checked" value="check1" type="checkbox" name="group" wicket:id="check1">check1</input>
			<span wicket:id="container">
				<input checked="checked" value="container:check2" type="checkbox" name="group" wicket:id="check2">check2</input>
			</span>
		
	</form>
</body>
</html>
