<html>
<head><title>CheckGroupTestPage2</title></head>
<body>
	<form action="./?wicket:interface=:1:form::IFormSubmitListener" wicket:id="form" method="post" id="form0"><div style="display:none"><input type="hidden" name="form0_hf_0" id="form0_hf_0" /></div>
		
			<input value="check1" type="checkbox" wicket:id="check1" checked="checked" name="group">check1</input>
			<span wicket:id="container">
				<input value="check2" type="checkbox" wicket:id="check2" name="group">check2</input>
			</span>
		
	</form>
</body>
</html>
