<html>
<head><title>CheckGroupTestPage1</title></head>
<body>
    <!--  In addition test that chars are not converted from upper to lower and vice versa -->
	<FORM action="/WicketTester/WicketTester?wicket:interface=:0:form::IFormSubmitListener" wicket:id="form" method="post" id="form"><div style="display:none"><input type="hidden" name="form:hf:0" id="form:hf:0" /></div>
		<span disabled="disabled" wicket:id="group" name="group">
			<Input value="check1" type="checkbox" disabled="disabled" wicket:id="check1" checked="checked" name="group">check1</input>
			<span wicket:id="container">
				<input value="container:check2" type="checkbox" disabled="disabled" wicket:id="check2" checked="checked" name="group">check2</input>
			</span>
		</span>
	</FORM>
</body>
</html>
