<html>
<body>
	<form action="WicketTester?wicket:interface=:0:formpost::IFormSubmitListener" wicket:id="formpost" method="post" id="formpost0"><div style="display:none"><input type="hidden" name="formpost0_hf_0" id="formpost0_hf_0" /></div></form>
	<form action="WicketTester?wicket:interface=:0:formget::IFormSubmitListener" wicket:id="formget" method="get" id="formget1"><div style="display:none"><input type="hidden" name="formget1_hf_0" id="formget1_hf_0" /></div></form>
</body>
</html>
