<html>
<head><title>RadioGroupTestPage1</title></head>
<body>
	<form action="/WicketTester/WicketTester?wicket:interface=:0:form::IFormSubmitListener" wicket:id="form" method="post" id="form0"><div style="display:none"><input type="hidden" name="form0_hf_0" id="form0_hf_0" /></div>
		<span disabled="disabled" wicket:id="group" name="group">
			<input value="radio1" type="radio" disabled="disabled" wicket:id="radio1" name="group">radio1</input>
			<span wicket:id="container">
				<input value="radio2" type="radio" disabled="disabled" wicket:id="radio2" checked="checked" name="group">radio2</input>
			</span>
		</span>
	</form>
</body>
</html>
