<html>
<head><title>RadioGroupTestPage1</title></head>
<body>
	<form action="/WicketTester/WicketTester?wicket:interface=:0:form::IFormSubmitListener" wicket:id="form" method="post" id="form"><div style="display:none"><input type="hidden" name="form_hf_0" id="form_hf_0" /></div>
		
			<input value="radio0" type="radio" wicket:id="radio1" name="group">radio1</input>
			<span wicket:id="container">
				<input value="radio1" type="radio" wicket:id="radio2" checked="checked" name="group">radio2</input>
			</span>
		
	</form>
</body>
</html>
