<html>
<body>
<form action="/WicketTester/WicketTester?wicket:interface=:0:form::IFormSubmitListener" wicket:id="form" method="post" id="form"><div style="display:none"><input type="hidden" name="form_hf_0" id="form_hf_0" /></div>
	
		<input value="radio0" type="radio" wicket:id="check1" checked="checked" name="radio">Yes
		<input value="radio1" type="radio" wicket:id="check2" checked="checked" name="radio">No
	
</form>
</body>
</html>